../Core/Src/main.c:74:5:main	24	static
../Core/Src/main.c:134:6:SystemClock_Config	72	static
../Core/Src/main.c:173:13:MX_GPIO_Init	24	static
../Core/Src/main.c:189:6:USER_RCC_Init	4	static
../Core/Src/main.c:197:6:USER_GPIO_Init	4	static
../Core/Src/main.c:209:6:USER_ADC_Init	8	static
../Core/Src/main.c:219:6:USER_ADC_Calibration	4	static
../Core/Src/main.c:223:10:USER_ADC_Read	4	static
../Core/Src/main.c:228:6:USER_USART2_Init	4	static
../Core/Src/main.c:244:6:USER_USART2_Transmit	24	static
../Core/Src/main.c:251:10:USER_USART2_Receive	4	static
../Core/Src/main.c:261:6:Error_Handler	4	static,ignoring_inline_asm
