../Core/Src/main.c:77:5:main	8	static
../Core/Src/main.c:130:6:SystemClock_Config	72	static
../Core/Src/main.c:169:13:MX_GPIO_Init	24	static
../Core/Src/main.c:181:6:USER_RCC_Init	4	static
../Core/Src/main.c:194:6:USER_GPIO_Init	4	static
../Core/Src/main.c:213:6:USER_USART2_Init	4	static
../Core/Src/main.c:229:6:USER_USART2_Transmit	24	static
../Core/Src/main.c:236:10:USER_USART2_Receive	4	static
../Core/Src/main.c:241:6:USER_USART3_Init	4	static
../Core/Src/main.c:256:6:USER_USART3_Transmit	24	static
../Core/Src/main.c:263:10:USER_USART3_Receive	4	static
../Core/Src/main.c:275:6:Error_Handler	4	static,ignoring_inline_asm
