../Core/Src/main.c:82:5:main	208	static
../Core/Src/main.c:317:6:SystemClock_Config	72	static
../Core/Src/main.c:356:13:MX_GPIO_Init	24	static
../Core/Src/main.c:368:6:USER_RCC_Init	4	static
../Core/Src/main.c:381:6:USER_GPIO_Init	4	static
../Core/Src/main.c:438:6:USER_TIM2_Capture_Init	4	static
../Core/Src/main.c:453:10:USER_TIM2_Capture_Event	4	static
../Core/Src/main.c:458:6:USER_TIM3_Capture_Init	4	static
../Core/Src/main.c:472:10:USER_TIM3_Capture_Event	4	static
../Core/Src/main.c:477:6:USER_USART3_Init	4	static
../Core/Src/main.c:492:6:USER_USART3_Transmit	24	static
../Core/Src/main.c:499:10:USER_USART3_Receive	4	static
../Core/Src/main.c:504:6:USER_ADC_Init	8	static
../Core/Src/main.c:515:6:USER_ADC_Calibration	4	static
../Core/Src/main.c:519:10:USER_ADC_Read	4	static
../Core/Src/main.c:531:6:Error_Handler	4	static,ignoring_inline_asm
