../Drivers/CMSIS/Include/core_cm3.h:1511:22:__NVIC_EnableIRQ	16	static
../Drivers/CMSIS/Include/core_cm3.h:1639:22:__NVIC_SetPriority	16	static
../Core/Src/main.c:132:5:main	304	static
../Core/Src/main.c:243:6:SystemClock_Config	72	static
../Core/Src/main.c:282:13:MX_GPIO_Init	24	static
../Core/Src/main.c:299:10:read_keyboard	24	static
../Core/Src/main.c:332:6:Task0	88	static
../Core/Src/main.c:450:6:Task1	32	static
../Core/Src/main.c:469:6:Task2	32	static
../Core/Src/main.c:556:6:Task3	32	static
../Core/Src/main.c:581:6:Task4	48	static
../Core/Src/main.c:604:6:Task5	40	static
../Core/Src/main.c:632:6:Task6	56	static
../Core/Src/main.c:665:6:USER_RCC_Init	4	static
../Core/Src/main.c:682:6:EXTI9_5_IRQHandler	8	static
../Core/Src/main.c:689:6:USER_GPIO_Init	4	static
../Core/Src/main.c:761:6:USER_EXTI_Init	8	static
../Core/Src/main.c:770:6:USER_ADC_Init	8	static
../Core/Src/main.c:781:6:USER_ADC_Calibration	4	static
../Core/Src/main.c:785:10:USER_ADC_Read	4	static
../Core/Src/main.c:790:6:USER_TIM2_Capture_Init	4	static
../Core/Src/main.c:805:10:USER_TIM2_Capture_Event	4	static
../Core/Src/main.c:810:6:USER_TIM3_Capture_Init	4	static
../Core/Src/main.c:824:10:USER_TIM3_Capture_Event	4	static
../Core/Src/main.c:829:6:USER_USART2_Init	4	static
../Core/Src/main.c:844:6:USER_USART2_Transmit	24	static
../Core/Src/main.c:851:10:USER_USART2_Receive	4	static
../Core/Src/main.c:856:6:USER_USART3_Init	4	static
../Core/Src/main.c:871:6:USER_USART3_Transmit	24	static
../Core/Src/main.c:878:10:USER_USART3_Receive	4	static
../Core/Src/main.c:883:6:Timer_Callback1	16	static
../Core/Src/main.c:889:6:Timer_Callback2	16	static
../Core/Src/main.c:902:6:HAL_TIM_PeriodElapsedCallback	16	static
../Core/Src/main.c:917:6:Error_Handler	4	static
