../Drivers/CMSIS/Include/core_cm3.h:1511:22:__NVIC_EnableIRQ	16	static
../Drivers/CMSIS/Include/core_cm3.h:1639:22:__NVIC_SetPriority	16	static
../Core/Src/main.c:128:5:main	304	static
../Core/Src/main.c:238:6:SystemClock_Config	72	static
../Core/Src/main.c:277:13:MX_GPIO_Init	24	static
../Core/Src/main.c:294:10:read_keyboard	24	static
../Core/Src/main.c:328:6:Task0	104	static
../Core/Src/main.c:415:6:Task1	32	static
../Core/Src/main.c:434:6:Task2	32	static
../Core/Src/main.c:506:6:Task3	32	static
../Core/Src/main.c:532:6:Task4	48	static
../Core/Src/main.c:555:6:Task5	40	static
../Core/Src/main.c:583:6:Task6	56	static
../Core/Src/main.c:615:6:USER_RCC_Init	4	static
../Core/Src/main.c:632:6:EXTI9_5_IRQHandler	8	static
../Core/Src/main.c:639:6:USER_GPIO_Init	4	static
../Core/Src/main.c:711:6:USER_EXTI_Init	8	static
../Core/Src/main.c:720:6:USER_ADC_Init	8	static
../Core/Src/main.c:731:6:USER_ADC_Calibration	4	static
../Core/Src/main.c:735:10:USER_ADC_Read	4	static
../Core/Src/main.c:740:6:USER_TIM2_Capture_Init	4	static
../Core/Src/main.c:755:10:USER_TIM2_Capture_Event	4	static
../Core/Src/main.c:760:6:USER_TIM3_Capture_Init	4	static
../Core/Src/main.c:774:10:USER_TIM3_Capture_Event	4	static
../Core/Src/main.c:779:6:USER_USART2_Init	4	static
../Core/Src/main.c:794:6:USER_USART2_Transmit	24	static
../Core/Src/main.c:801:10:USER_USART2_Receive	4	static
../Core/Src/main.c:806:6:Timer_Callback1	16	static
../Core/Src/main.c:811:6:Timer_Callback2	16	static
../Core/Src/main.c:824:6:HAL_TIM_PeriodElapsedCallback	16	static
../Core/Src/main.c:839:6:Error_Handler	4	static
