20:14:23 **** Build of configuration Debug for project LAB3_UART ****
make -j12 all 
arm-none-eabi-gcc "../Core/Src/main.c" -mcpu=cortex-m3 -std=gnu11 -g3 -DDEBUG -DUSE_HAL_DRIVER -DSTM32F103xB -c -I../Core/Inc -I../Drivers/STM32F1xx_HAL_Driver/Inc -I../Drivers/STM32F1xx_HAL_Driver/Inc/Legacy -I../Drivers/CMSIS/Device/ST/STM32F1xx/Include -I../Drivers/CMSIS/Include -O0 -ffunction-sections -fdata-sections -Wall -fstack-usage -MMD -MP -MF"Core/Src/main.d" -MT"Core/Src/main.o" --specs=nano.specs -mfloat-abi=soft -mthumb -o "Core/Src/main.o"
../Core/Src/main.c: In function 'main':
../Core/Src/main.c:107:13: warning: unused variable 'msg2' [-Wunused-variable]
  107 |     uint8_t msg2[] = "toggle led";
      |             ^~~~
../Core/Src/main.c:72:11: warning: unused variable 'msg' [-Wunused-variable]
   72 |   uint8_t msg[] = "Hello World!\r\n";
      |           ^~~
arm-none-eabi-gcc -o "LAB3_UART.elf" @"objects.list"   -mcpu=cortex-m3 -T"C:\Users\maxpr\STM32CubeIDE\workspace_1.11.2\LAB3_UART\STM32F103RBTX_FLASH.ld" --specs=nosys.specs -Wl,-Map="LAB3_UART.map" -Wl,--gc-sections -static --specs=nano.specs -mfloat-abi=soft -mthumb -Wl,--start-group -lc -lm -Wl,--end-group
Finished building target: LAB3_UART.elf
 
arm-none-eabi-size   LAB3_UART.elf 
arm-none-eabi-objdump -h -S  LAB3_UART.elf  > "LAB3_UART.list"
   text	   data	    bss	    dec	    hex	filename
   7128	    120	   1592	   8840	   2288	LAB3_UART.elf
Finished building: default.size.stdout
 
Finished building: LAB3_UART.list
 

20:14:24 Build Finished. 0 errors, 2 warnings. (took 690ms)

