22:51:35 **** Incremental Build of configuration Debug for project LAB3_UART ****
make -j3 all 
arm-none-eabi-gcc "../Core/Src/main.c" -mcpu=cortex-m3 -std=gnu11 -g3 -DDEBUG -DUSE_HAL_DRIVER -DSTM32F103xB -c -I../Core/Inc -I../Drivers/STM32F1xx_HAL_Driver/Inc -I../Drivers/STM32F1xx_HAL_Driver/Inc/Legacy -I../Drivers/CMSIS/Device/ST/STM32F1xx/Include -I../Drivers/CMSIS/Include -O0 -ffunction-sections -fdata-sections -Wall -fstack-usage -fcyclomatic-complexity -MMD -MP -MF"Core/Src/main.d" -MT"Core/Src/main.o" --specs=nano.specs -mfloat-abi=soft -mthumb -o "Core/Src/main.o"
../Core/Src/main.c: In function 'main':
../Core/Src/main.c:104:11: warning: pointer targets in passing argument 1 of 'printf' differ in signedness [-Wpointer-sign]
  104 |    printf(msg);
      |           ^~~
      |           |
      |           uint8_t * {aka unsigned char *}
In file included from ../Core/Inc/myprintf.h:11,
                 from ../Core/Src/main.c:21:
/Applications/STM32CubeIDE.app/Contents/Eclipse/plugins/com.st.stm32cube.ide.mcu.externaltools.gnu-tools-for-stm32.10.3-2021.10.macos64_1.0.200.202301161003/tools/arm-none-eabi/include/stdio.h:200:13: note: expected 'const char * restrict' but argument is of type 'uint8_t *' {aka 'unsigned char *'}
  200 | int printf (const char *__restrict, ...)
      |             ^
../Core/Src/main.c:107:13: warning: unused variable 'msg2' [-Wunused-variable]
  107 |     uint8_t msg2[] = "toggle led";
      |             ^~~~
arm-none-eabi-gcc -o "LAB3_UART.elf" @"objects.list"   -mcpu=cortex-m3 -T"/Users/max/STM32CubeIDE/workspace_1.12.1/SystemOnChip_501/LAB3_UART/STM32F103RBTX_FLASH.ld" --specs=nosys.specs -Wl,-Map="LAB3_UART.map" -Wl,--gc-sections -static --specs=nano.specs -mfloat-abi=soft -mthumb -Wl,--start-group -lc -lm -Wl,--end-group
Finished building target: LAB3_UART.elf
 
arm-none-eabi-size   LAB3_UART.elf 
arm-none-eabi-objdump -h -S  LAB3_UART.elf  > "LAB3_UART.list"
   text	   data	    bss	    dec	    hex	filename
   8764	    120	   1592	  10476	   28ec	LAB3_UART.elf
Finished building: default.size.stdout
 
Finished building: LAB3_UART.list
 

22:51:37 Build Finished. 0 errors, 2 warnings. (took 1s.845ms)

