19:59:14 **** Incremental Build of configuration Debug for project stm32HelloWorldBlink ****
make -j20 all 
arm-none-eabi-gcc "../Core/Src/main.c" -mcpu=cortex-m3 -std=gnu11 -g3 -DDEBUG -DUSE_HAL_DRIVER -DSTM32F103xB -c -I../Core/Inc -I../Drivers/STM32F1xx_HAL_Driver/Inc -I../Drivers/STM32F1xx_HAL_Driver/Inc/Legacy -I../Drivers/CMSIS/Device/ST/STM32F1xx/Include -I../Drivers/CMSIS/Include -O0 -ffunction-sections -fdata-sections -Wall -fstack-usage -fcyclomatic-complexity -MMD -MP -MF"Core/Src/main.d" -MT"Core/Src/main.o" --specs=nano.specs -mfloat-abi=soft -mthumb -o "Core/Src/main.o"
../Core/Src/main.c: In function 'main':
../Core/Src/main.c:105:8: warning: unused variable 'key' [-Wunused-variable]
  105 |   char key[] = "0123456789ABCD ";
      |        ^~~
../Core/Src/main.c:104:27: warning: unused variable 'msg2' [-Wunused-variable]
  104 |   char msg[31], msg1[16], msg2[16];
      |                           ^~~~
../Core/Src/main.c:104:17: warning: unused variable 'msg1' [-Wunused-variable]
  104 |   char msg[31], msg1[16], msg2[16];
      |                 ^~~~
../Core/Src/main.c:104:8: warning: variable 'msg' set but not used [-Wunused-but-set-variable]
  104 |   char msg[31], msg1[16], msg2[16];
      |        ^~~
../Core/Src/main.c:102:46: warning: unused variable 'changed' [-Wunused-variable]
  102 |   uint16_t count = 0, row = 1, tecla, found, changed = 0;
      |                                              ^~~~~~~
../Core/Src/main.c:102:39: warning: unused variable 'found' [-Wunused-variable]
  102 |   uint16_t count = 0, row = 1, tecla, found, changed = 0;
      |                                       ^~~~~
../Core/Src/main.c:102:32: warning: unused variable 'tecla' [-Wunused-variable]
  102 |   uint16_t count = 0, row = 1, tecla, found, changed = 0;
      |                                ^~~~~
../Core/Src/main.c:102:23: warning: unused variable 'row' [-Wunused-variable]
  102 |   uint16_t count = 0, row = 1, tecla, found, changed = 0;
      |                       ^~~
../Core/Src/main.c:102:12: warning: unused variable 'count' [-Wunused-variable]
  102 |   uint16_t count = 0, row = 1, tecla, found, changed = 0;
      |            ^~~~~
arm-none-eabi-gcc -o "stm32HelloWorldBlink.elf" @"objects.list"   -mcpu=cortex-m3 -T"C:\Users\maxpr\STM32CubeIDE\workspace_1.12.1\SystemOnChip_501\stm32HelloWorldBlink\STM32F103RBTX_FLASH.ld" --specs=nosys.specs -Wl,-Map="stm32HelloWorldBlink.map" -Wl,--gc-sections -static --specs=nano.specs -mfloat-abi=soft -mthumb -Wl,--start-group -lc -lm -Wl,--end-group
Finished building target: stm32HelloWorldBlink.elf
 
arm-none-eabi-size   stm32HelloWorldBlink.elf 
arm-none-eabi-objdump -h -S  stm32HelloWorldBlink.elf  > "stm32HelloWorldBlink.list"
   text	   data	    bss	    dec	    hex	filename
   4420	     20	   1572	   6012	   177c	stm32HelloWorldBlink.elf
Finished building: default.size.stdout
 
Finished building: stm32HelloWorldBlink.list
 

19:59:15 Build Finished. 0 errors, 9 warnings. (took 733ms)

